{"HostConfigHash":"1eae351","CardHash":"3d8c762","Error":null}