{"HostConfigHash":"1eae351","CardHash":"5805912","Error":null}