{"HostConfigHash":"1eae351","CardHash":"3510bb1","Error":null}