{"HostConfigHash":"1eae351","CardHash":"647a209","Error":null}