{"HostConfigHash":"1eae351","CardHash":"a724376","Error":null}