{"HostConfigHash":"1eae351","CardHash":"38eb7aa","Error":"Parsing card failed"}