{"HostConfigHash":"1eae351","CardHash":"6ee6558","Error":null}