{"HostConfigHash":"1eae351","CardHash":"08cf331","Error":null}