{"HostConfigHash":"1eae351","CardHash":"fc9ef03","Error":null}