{"HostConfigHash":"9874488","CardHash":"602333b","Error":null}