{"HostConfigHash":"9874488","CardHash":"bf3f699","Error":null}