{"HostConfigHash":"9874488","CardHash":"c5fe14d","Error":null}