{"HostConfigHash":"9874488","CardHash":"fea3e25","Error":null}