{"HostConfigHash":"9874488","CardHash":"0dca9ae","Error":null}