{"HostConfigHash":"9874488","CardHash":"ad6bd2b","Error":null}