{"HostConfigHash":"9874488","CardHash":"fc9ef03","Error":null}