{"HostConfigHash":"9874488","CardHash":"7103502","Error":null}