{"HostConfigHash":"9874488","CardHash":"abb6360","Error":null}