{"HostConfigHash":"9874488","CardHash":"0fcc9cb","Error":null}