{"HostConfigHash":"9874488","CardHash":"727ee34","Error":null}