{"HostConfigHash":"9874488","CardHash":"6f844da","Error":null}