{"HostConfigHash":"9874488","CardHash":"a3a3dda","Error":null}