{"HostConfigHash":"9874488","CardHash":"a2461b0","Error":null}