{"HostConfigHash":"9874488","CardHash":"e177d51","Error":null}