{"HostConfigHash":"52ef3ed","CardHash":"8ee1ce1","Error":null}