{"HostConfigHash":"dded9a9","CardHash":"804de83","Error":null}