{"HostConfigHash":"dded9a9","CardHash":"faaccb2","Error":null}