{"HostConfigHash":"52ef3ed","CardHash":"cb2187d","Error":null}