{"HostConfigHash":"dded9a9","CardHash":"eb95594","Error":null}