{"HostConfigHash":"52ef3ed","CardHash":"f554355","Error":null}