{"HostConfigHash":"52ef3ed","CardHash":"98b5c3a","Error":null}