{"HostConfigHash":"52ef3ed","CardHash":"dbaa7f7","Error":null}