{"HostConfigHash":"dded9a9","CardHash":"05307db","Error":null}