{"HostConfigHash":"dded9a9","CardHash":"a942a42","Error":null}