{"HostConfigHash":"52ef3ed","CardHash":"23b3178","Error":null}