{"HostConfigHash":"dded9a9","CardHash":"869d87c","Error":null}