{"HostConfigHash":"52ef3ed","CardHash":"e27ee59","Error":null}