{"HostConfigHash":"52ef3ed","CardHash":"7103502","Error":null}