{"HostConfigHash":"52ef3ed","CardHash":"94d2bc1","Error":null}