{"HostConfigHash":"52ef3ed","CardHash":"8152c36","Error":null}