{"HostConfigHash":"52ef3ed","CardHash":"988d4ba","Error":null}