{"HostConfigHash":"dded9a9","CardHash":"08cf331","Error":null}