{"HostConfigHash":"026a6b6","CardHash":"6f844da","Error":null}