{"HostConfigHash":"026a6b6","CardHash":"c13acbf","Error":null}