{"HostConfigHash":"026a6b6","CardHash":"dbaa7f7","Error":null}