{"HostConfigHash":"026a6b6","CardHash":"602333b","Error":null}