{"HostConfigHash":"026a6b6","CardHash":"38eb7aa","Error":"Parsing card failed"}