{"HostConfigHash":"026a6b6","CardHash":"a942a42","Error":null}