{"HostConfigHash":"026a6b6","CardHash":"6ee6558","Error":null}