{"HostConfigHash":"026a6b6","CardHash":"05307db","Error":null}